
O que devemos fazer agora:

    -> arrumar msgs de erro "error syntax near blablabla"
        -> vai ter q mexer na func de validar token p retornar oq ta errado e printar
    -> tratar $

tratar:
    -> se tiver operadores seguidos, > |

    -> verificar outros tipos de rros que tem que tratar no parser



gabriel@T480:~$ echo $USER
gabriel

gabriel@T480:~$ echo "$USER"
gabriel

gabriel@T480:~$ echo ""$USER""
gabriel

gabriel@T480:~$ echo '$USER'
$USER

gabriel@T480:~$ echo $$USER
14334USER         <-- printa o pid




^^ so nao expande se for aspas simples